Microchip MPLAB XC8 Compiler V2.45

Linker command line:

-W-3 \
  --edf=C:\Program Files\Microchip\xc8\v2.45\pic\dat\20230818022343_en.msgs \
  -cn -h+dist/default/production\clock_mini_project.X.production.sym \
  --cmf=dist/default/production\clock_mini_project.X.production.cmf -z \
  -Q18F4520 \
  -oC:\Users\CL303_17\AppData\Local\Temp\xcAs7f4.\driver_tmp_3.obj \
  -Mdist/default/production/clock_mini_project.X.production.map \
  --md=C:\Users\CL303_17\AppData\Local\Temp\xcAs7f4.\driver_tmp_0.dat -E1 \
  -ver=XC8 Compiler -ACODE=00h-07FFFh -ACONST=00h-07FFFh \
  -ASMALLCONST=0600h-06FFhx122 -AMEDIUMCONST=0600h-07FFFh -ACOMRAM=01h-07Fh \
  -AABS1=00h-05FFh -ABIGRAM=01h-05FFh -ARAM=080h-0FFh,0100h-01FFhx5 \
  -ABANK0=080h-0FFh -ABANK1=0100h-01FFh -ABANK2=0200h-02FFh \
  -ABANK3=0300h-03FFh -ABANK4=0400h-04FFh -ABANK5=0500h-05FFh \
  -ASFR=0F80h-0FFFh -ABIGSFR=0F80h-0FFFh -ACONFIG=0300000h-030000Dh \
  -AIDLOC=0200000h-0200007h -AEEDATA=0F00000h-0F000FFh -peeprom_data=EEDATA \
  -preset_vec=00h,intcode,intcodelo,powerup,init -pramtop=0600h \
  -psmallconst=SMALLCONST -pmediumconst=MEDIUMCONST -pconst=CONST \
  -AFARRAM=00h-00h \
  -prdata=COMRAM,nvrram=COMRAM,nvbit=COMRAM,rbss=COMRAM,rbit=COMRAM \
  -pfarbss=FARRAM,fardata=FARRAM,nvFARRAM=FARRAM \
  -pintsave_regs=BIGRAM,bigbss=BIGRAM,bigdata=BIGRAM -pbss=RAM \
  -pidata=CODE,irdata=CODE,ibigdata=CODE,ifardata=CODE -prparam=COMRAM \
  C:\Users\CL303_17\AppData\Local\Temp\xcAs7f4.\driver_tmp_9.obj \
  dist/default/production\clock_mini_project.X.production.obj 

Object code version is 3.11

Machine type is 18F4520



                Name                               Link     Load   Length Selector   Space Scale
C:\Users\CL303_17\AppData\Local\Temp\xcAs7f4.\driver_tmp_9.obj
                idloc                            200000   200000        8        0       5
                config                           300000   300000        E        0       4
                init                                  0        0        4        0       0
dist/default/production\clock_mini_project.X.production.obj
                idloc                            200000   200000        8        0       5
                config                           300000   300000        E        0       4
                smallconst                          600      600        2      300       0
                text8                               9E2      9E2       40      301       0
                text7                               A22      A22       2A      301       0
                text6                               8EE      8EE       84      301       0
                text5                               972      972       70      301       0
                text4                               70A      70A       F4      301       0
                text3                               A68      A68       1C      301       0
                text2                               A4C      A4C       1C      301       0
                text1                               602      602      108      301       0
                text0                               7FE      7FE       F0      301       0
                cstackCOMRAM                          1        1       25        1       1
                cinit                               A84      A84        6      301       0

TOTAL           Name                               Link     Load   Length     Space
        CLASS   CODE           
                init                                  0        0        4         0
                text8                               9E2      9E2       40         0
                text7                               A22      A22       2A         0
                text6                               8EE      8EE       84         0
                text5                               972      972       70         0
                text4                               70A      70A       F4         0
                text3                               A68      A68       1C         0
                text2                               A4C      A4C       1C         0
                text1                               602      602      108         0
                text0                               7FE      7FE       F0         0
                cinit                               A84      A84        6         0

        CLASS   CONST          

        CLASS   SMALLCONST     
                smallconst                          600      600        2         0

        CLASS   MEDIUMCONST    

        CLASS   COMRAM         
                cstackCOMRAM                          1        1       25         1

        CLASS   ABS1           

        CLASS   BIGRAM         

        CLASS   RAM            

        CLASS   BANK0          

        CLASS   BANK1          

        CLASS   BANK2          

        CLASS   BANK3          

        CLASS   BANK4          

        CLASS   BANK5          

        CLASS   SFR            

        CLASS   BIGSFR         

        CLASS   CONFIG         
                config                           300000   300000        E         4

        CLASS   IDLOC          
                idloc                            200000   200000        8         5

        CLASS   EEDATA         

        CLASS   FARRAM         

        CLASS   HEAP           

        CLASS   STACK          



SEGMENTS        Name                           Load    Length   Top    Selector   Space  Class

                reset_vec                      000000  000004  000004         0       0  CODE    
                cstackCOMRAM                   000001  000025  000026         1       1  COMRAM  
                smallconst                     000600  000002  000602       300       0  SMALLCON
                text1                          000602  000488  000A8A       301       0  CODE    


UNUSED ADDRESS RANGES

        Name                Unused          Largest block    Delta
        BANK0            000080-0000FF               80
        BANK1            000100-0001FF              100
        BANK2            000200-0002FF              100
        BANK3            000300-0003FF              100
        BANK4            000400-0004FF              100
        BANK5            000500-0005FF              100
        BIGRAM           000026-0005FF              5DA
        BIGSFR           000F80-000FFF               80
        CODE             000004-0005FF              5FC
                         000A8A-007FFF             7576
        COMRAM           000026-00007F               5A
        CONST            000004-0005FF              5FC
                         000A8A-007FFF             7576
        EEDATA           F00000-F000FF              100
        MEDIUMCONST      000A8A-007FFF             7576
        RAM              000080-0005FF              100
        SFR              000F80-000FFF               80
        SMALLCONST       000A8A-007FFF              100

                                  Symbol Table

?___awdiv                cstackCOMRAM 000001
?___awmod                cstackCOMRAM 000001
_PORTC                   (abs)        000F82
_PORTDbits               (abs)        000F83
_TRISC                   (abs)        000F94
_TRISD                   (abs)        000F95
__HRAM                   (abs)        000000
__H__absolute__          __absolute__ 000000
__Habs1                  abs1         000000
__Hbank0                 bank0        000000
__Hbank1                 bank1        000000
__Hbank2                 bank2        000000
__Hbank3                 bank3        000000
__Hbank4                 bank4        000000
__Hbank5                 bank5        000000
__Hbigbss                bigbss       000000
__Hbigdata               bigdata      000000
__Hbigram                bigram       000000
__Hbigsfr                bigsfr       000000
__Hbss                   bss          000000
__Hcinit                 cinit        000000
__Hclrtext               clrtext      000000
__Hcomram                comram       000000
__Hconfig                config       30000E
__Hconst                 const        000000
__HcstackCOMRAM          cstackCOMRAM 000000
__Hdata                  data         000000
__Heeprom_data           eeprom_data  000000
__Hfarbss                farbss       000000
__Hfardata               fardata      000000
__Hheap                  heap         000000
__Hibigdata              ibigdata     000000
__Hidata                 idata        000000
__Hidloc                 idloc        200008
__Hifardata              ifardata     000000
__Hinit                  init         000004
__Hintcode               intcode      000000
__Hintcode_body          intcode_body 000000
__Hintcodelo             intcodelo    000000
__Hintentry              intentry     000000
__Hintret                intret       000000
__Hintsave_regs          intsave_regs 000000
__Hirdata                irdata       000000
__Hmediumconst           mediumconst  000000
__HnvFARRAM              nvFARRAM     000000
__Hnvbit                 nvbit        000000
__Hnvrram                nvrram       000000
__Hparam                 rparam       000000
__Hpowerup               powerup      000000
__Hram                   ram          000000
__Hramtop                ramtop       000600
__Hrbit                  rbit         000000
__Hrbss                  rbss         000000
__Hrdata                 rdata        000000
__Hreset_vec             reset_vec    000000
__Hrparam                rparam       000000
__Hsfr                   sfr          000000
__Hsmallconst            smallconst   000602
__Hspace_0               (abs)        000A8A
__Hspace_1               (abs)        000026
__Hspace_2               (abs)        000000
__Hspace_4               (abs)        60000E
__Hstack                 stack        000000
__Hstruct                struct       000000
__Htemp                  temp         000000
__Htext                  text         000000
__Htext0                 text0        000000
__Htext1                 text1        000000
__Htext2                 text2        000000
__Htext3                 text3        000000
__Htext4                 text4        000000
__Htext5                 text5        000000
__Htext6                 text6        000000
__Htext7                 text7        000000
__Htext8                 text8        000000
__LRAM                   (abs)        000001
__L__absolute__          __absolute__ 000000
__Labs1                  abs1         000000
__Lbank0                 bank0        000000
__Lbank1                 bank1        000000
__Lbank2                 bank2        000000
__Lbank3                 bank3        000000
__Lbank4                 bank4        000000
__Lbank5                 bank5        000000
__Lbigbss                bigbss       000000
__Lbigdata               bigdata      000000
__Lbigram                bigram       000000
__Lbigsfr                bigsfr       000000
__Lbss                   bss          000000
__Lcinit                 cinit        000000
__Lclrtext               clrtext      000000
__Lcomram                comram       000000
__Lconfig                config       000000
__Lconst                 const        000000
__LcstackCOMRAM          cstackCOMRAM 000000
__Ldata                  data         000000
__Leeprom_data           eeprom_data  000000
__Lfarbss                farbss       000000
__Lfardata               fardata      000000
__Lheap                  heap         000000
__Libigdata              ibigdata     000000
__Lidata                 idata        000000
__Lidloc                 idloc        000000
__Lifardata              ifardata     000000
__Linit                  init         000000
__Lintcode               intcode      000000
__Lintcode_body          intcode_body 000000
__Lintcodelo             intcodelo    000000
__Lintentry              intentry     000000
__Lintret                intret       000000
__Lintsave_regs          intsave_regs 000000
__Lirdata                irdata       000000
__Lmediumconst           mediumconst  000000
__LnvFARRAM              nvFARRAM     000000
__Lnvbit                 nvbit        000000
__Lnvrram                nvrram       000000
__Lparam                 rparam       000000
__Lpowerup               powerup      000000
__Lram                   ram          000000
__Lramtop                ramtop       000600
__Lrbit                  rbit         000000
__Lrbss                  rbss         000000
__Lrdata                 rdata        000000
__Lreset_vec             reset_vec    000000
__Lrparam                rparam       000000
__Lsfr                   sfr          000000
__Lsmallconst            smallconst   000600
__Lspace_0               (abs)        000000
__Lspace_1               (abs)        000000
__Lspace_2               (abs)        000000
__Lspace_4               (abs)        000000
__Lstack                 stack        000000
__Lstruct                struct       000000
__Ltemp                  temp         000000
__Ltext                  text         000000
__Ltext0                 text0        000000
__Ltext1                 text1        000000
__Ltext2                 text2        000000
__Ltext3                 text3        000000
__Ltext4                 text4        000000
__Ltext5                 text5        000000
__Ltext6                 text6        000000
__Ltext7                 text7        000000
__Ltext8                 text8        000000
__S0                     (abs)        000A8A
__S1                     (abs)        000026
__S4                     (abs)        000000
__S5                     (abs)        000000
___awdiv                 text6        0008EE
___awdiv@counter         cstackCOMRAM 000005
___awdiv@dividend        cstackCOMRAM 000001
___awdiv@divisor         cstackCOMRAM 000003
___awdiv@quotient        cstackCOMRAM 000007
___awdiv@sign            cstackCOMRAM 000006
___awmod                 text5        000972
___awmod@counter         cstackCOMRAM 000005
___awmod@dividend        cstackCOMRAM 000001
___awmod@divisor         cstackCOMRAM 000003
___awmod@sign            cstackCOMRAM 000006
___heap_hi               (abs)        000000
___heap_lo               (abs)        000000
___inthi_sp              stack        000000
___inthi_stack_hi        stack        000000
___inthi_stack_lo        stack        000000
___intlo_sp              stack        000000
___intlo_stack_hi        stack        000000
___intlo_stack_lo        stack        000000
___param_bank            (abs)        000000
___rparam_used           (abs)        000001
___sp                    stack        000000
___stack_hi              stack        000000
___stack_lo              stack        000000
__accesstop              (abs)        000080
__activetblptr           (abs)        000000
__end_of___awdiv         text6        000972
__end_of___awmod         text5        0009E2
__end_of__initialization cinit        000A84
__end_of_delay           text8        000A22
__end_of_delayOneSecond  text7        000A4C
__end_of_displayTime     text1        00070A
__end_of_intToString     text4        0007FE
__end_of_lcdcmd          text3        000A84
__end_of_lcddata         text2        000A68
__end_of_main            text0        0008EE
__initialization         cinit        000A84
__mediumconst            mediumconst  000000
__pcinit                 cinit        000A84
__pcstackCOMRAM          cstackCOMRAM 000001
__psmallconst            smallconst   000600
__ptext0                 text0        0007FE
__ptext1                 text1        000602
__ptext2                 text2        000A4C
__ptext3                 text3        000A68
__ptext4                 text4        00070A
__ptext5                 text5        000972
__ptext6                 text6        0008EE
__ptext7                 text7        000A22
__ptext8                 text8        0009E2
__ramtop                 ramtop       000600
__smallconst             smallconst   000600
_delay                   text8        0009E2
_delayOneSecond          text7        000A22
_displayTime             text1        000602
_intToString             text4        00070A
_lcdcmd                  text3        000A68
_lcddata                 text2        000A4C
_main                    text0        0007FE
delay@i                  cstackCOMRAM 000004
delay@j                  cstackCOMRAM 000006
delay@k                  cstackCOMRAM 000001
delayOneSecond@i         cstackCOMRAM 000008
displayTime@i            cstackCOMRAM 000016
displayTime@i_142        cstackCOMRAM 000018
displayTime@minStr       cstackCOMRAM 00001A
displayTime@minutes      cstackCOMRAM 000012
displayTime@secStr       cstackCOMRAM 00001D
displayTime@seconds      cstackCOMRAM 000014
end_of_initialization    cinit        000A84
intToString@i            cstackCOMRAM 000010
intToString@j            cstackCOMRAM 00000E
intToString@num          cstackCOMRAM 000009
intToString@str          cstackCOMRAM 00000B
intToString@temp         cstackCOMRAM 00000D
intlevel0                text         000000
intlevel1                text         000000
intlevel2                text         000000
intlevel3                text         000000
isa$std                  (abs)        000001
isa$xinst                (abs)        000000
lcdcmd@val               cstackCOMRAM 000008
lcddata@c                cstackCOMRAM 000008
main@minutes             cstackCOMRAM 000022
main@running             cstackCOMRAM 000020
main@seconds             cstackCOMRAM 000024
stackhi                  (abs)        000000
stacklo                  (abs)        000000
start                    init         000000
start_initialization     cinit        000A84


MODULE INFORMATION

Module		Function		Class		Link	Load	Size
C:\Program Files\Microchip\xc8\v2.45\pic\sources\c90\common\awdiv.c
		___awdiv       		CODE           	08EE	0000	132

C:\Program Files\Microchip\xc8\v2.45\pic\sources\c90\common\awdiv.c estimated size: 132

newmain.c
		_delay         		CODE           	09E2	0000	64
		_displayTime   		CODE           	0602	0000	264
		_delayOneSecond		CODE           	0A22	0000	42
		_intToString   		CODE           	070A	0000	244
		_main          		CODE           	07FE	0000	240
		_lcdcmd        		CODE           	0A68	0000	28
		_lcddata       		CODE           	0A4C	0000	28

newmain.c estimated size: 910

shared
		__initialization		CODE           	0A84	0000	1

shared estimated size: 1

C:\Program Files\Microchip\xc8\v2.45\pic\sources\c90\common\awmod.c
		___awmod       		CODE           	0972	0000	112

C:\Program Files\Microchip\xc8\v2.45\pic\sources\c90\common\awmod.c estimated size: 112

